
> ardoisesite@0.0.0 build
> vite build

[36mvite v8.1.4 [32mbuilding client environment for production...[36m[39m
[2K
node.exe : [31mΓ£ù[39m Build failed in 943ms
At line:1 char:1
+ & "C:\nvm4w\nodejs/node.exe" "C:\Users\soyam\AppData\Roaming\npm/node ...
+ ~~~~~~~~~~~~~~~~~~~~~~~~~~~~~~~~~~~~~~~~~~~~~~~~~~~~~~~~~~~~~~~~~~~~~
    + CategoryInfo          : NotSpecified: ([31mΓ£ù[39m Build failed in 943ms:String) [], RemoteException
    + FullyQualifiedErrorId : NativeCommandError
 
transforming...
PWA v1.3.0
mode      generateSW
precache  119 entries (27238.73 KiB)
files generated
  dist/sw.js
  dist/workbox-9c191d2f.js
[31merror during build:
[31mBuild failed with 1 error:

[plugin vite-plugin-pwa:build]
Error: Build failed with 1 error:

[31m[PARSE_ERROR] [0mIdentifier `StudentPortal` has already been declared
    [38;5;246mΓò¡[0m[38;5;246mΓöÇ[0m[38;5;246m[[0m src/App.jsx:12:8 [38;5;246m][0m
    [38;5;246mΓöé[0m
 [38;5;246m12 Γöé[0m 
[38;5;249mi[0m[38;5;249mm[0m[38;5;249mp[0m[38;5;249mo[0m[38;5;249mr[0m[38;5;249mt[0m[38;5;249m 
[0mStudentPortal[38;5;249m [0m[38;5;249mf[0m[38;5;249mr[0m[38;5;249mo[0m[38;5;249mm[0m[38;5;249m [0m[38;5
;249m"[0m[38;5;249m.[0m[38;5;249m/[0m[38;5;249ma[0m[38;5;249mp[0m[38;5;249mp[0m[38;5;249ms[0m[38;5;249m/
[0m[38;5;249ms[0m[38;5;249mt[0m[38;5;249mu[0m[38;5;249md[0m[38;5;249me[0m[38;5;249mn[0m[38;5;249mt[0m[38
;5;249m/[0m[38;5;249mS[0m[38;5;249mt[0m[38;5;249mu[0m[38;5;249md[0m[38;5;249me[0m[38;5;249mn[0m[38;5;249m
t[0m[38;5;249mP[0m[38;5;249mo[0m[38;5;249mr[0m[38;5;249mt[0m[38;5;249ma[0m[38;5;249ml[0m[38;5;249m.[0m[
38;5;249mj[0m[38;5;249ms[0m[38;5;249mx[0m[38;5;249m"[0m[38;5;249m;[0m
 [38;5;240m   Γöé[0m        ΓöÇΓöÇΓöÇΓöÇΓöÇΓöÇΓö¼ΓöÇΓöÇΓöÇΓöÇΓöÇΓöÇ  
 [38;5;240m   Γöé[0m              Γò░ΓöÇΓöÇΓöÇΓöÇΓöÇΓöÇΓöÇΓöÇ `StudentPortal` has already been declared here
 [38;5;240m   Γöé[0m 
 [38;5;246m22 Γöé[0m 
[38;5;249mi[0m[38;5;249mm[0m[38;5;249mp[0m[38;5;249mo[0m[38;5;249mr[0m[38;5;249mt[0m[38;5;249m 
[0mStudentPortal[38;5;249m [0m[38;5;249mf[0m[38;5;249mr[0m[38;5;249mo[0m[38;5;249mm[0m[38;5;249m [0m[38;5
;249m"[0m[38;5;249m.[0m[38;5;249m/[0m[38;5;249ma[0m[38;5;249mp[0m[38;5;249mp[0m[38;5;249ms[0m[38;5;249m/
[0m[38;5;249ms[0m[38;5;249mt[0m[38;5;249mu[0m[38;5;249md[0m[38;5;249me[0m[38;5;249mn[0m[38;5;249mt[0m[38
;5;249m/[0m[38;5;249mS[0m[38;5;249mt[0m[38;5;249mu[0m[38;5;249md[0m[38;5;249me[0m[38;5;249mn[0m[38;5;249m
t[0m[38;5;249mP[0m[38;5;249mo[0m[38;5;249mr[0m[38;5;249mt[0m[38;5;249ma[0m[38;5;249ml[0m[38;5;249m.[0m[
38;5;249mj[0m[38;5;249ms[0m[38;5;249mx[0m[38;5;249m"[0m[38;5;249m;[0m
 [38;5;240m   Γöé[0m        ΓöÇΓöÇΓöÇΓöÇΓöÇΓöÇΓö¼ΓöÇΓöÇΓöÇΓöÇΓöÇΓöÇ  
 [38;5;240m   Γöé[0m              Γò░ΓöÇΓöÇΓöÇΓöÇΓöÇΓöÇΓöÇΓöÇ It can not be redeclared here
[38;5;246mΓöÇΓöÇΓöÇΓöÇΓò»[0m
    at aggregateBindingErrorsIntoJsError 
(file:///C:/Users/soyam/Documents/GitHub/ardoisesite/node_modules/rolldown/dist/shared/error-BHRSI0R7.mjs:48:18)
    at plugin (file:///C:/Users/soyam/Documents/GitHub/ardoisesite/node_modules/rolldown/dist/shared/bindingify-input-o
ptions-XPJLJOD0.mjs:1406:61)
    at plugin.<computed> (file:///C:/Users/soyam/Documents/GitHub/ardoisesite/node_modules/rolldown/dist/shared/binding
ify-input-options-XPJLJOD0.mjs:1959:18)[31m
    at aggregateBindingErrorsIntoJsError 
(file:///C:/Users/soyam/Documents/GitHub/ardoisesite/node_modules/rolldown/dist/shared/error-BHRSI0R7.mjs:48:18)
    at unwrapBindingResult 
(file:///C:/Users/soyam/Documents/GitHub/ardoisesite/node_modules/rolldown/dist/shared/error-BHRSI0R7.mjs:18:128)
    at #build (file:///C:/Users/soyam/Documents/GitHub/ardoisesite/node_modules/rolldown/dist/shared/rolldown-build-CtP
vmZgJ.mjs:3276:34)
    at async buildEnvironment 
(file:///C:/Users/soyam/Documents/GitHub/ardoisesite/node_modules/vite/dist/node/chunks/node.js:33011:66)
    at async Object.build 
(file:///C:/Users/soyam/Documents/GitHub/ardoisesite/node_modules/vite/dist/node/chunks/node.js:33433:19)
    at async Object.buildApp 
(file:///C:/Users/soyam/Documents/GitHub/ardoisesite/node_modules/vite/dist/node/chunks/node.js:33430:153)
    at async CAC.<anonymous> 
(file:///C:/Users/soyam/Documents/GitHub/ardoisesite/node_modules/vite/dist/node/cli.js:776:3) {
  errors: [Getter/Setter]
}[39m
